// Jest Snapshot v1, https://goo.gl/fbAQLP

exports[`<Counter /> matches snapshot 1`] = `
<div>
  <div>
    <h1>
      0
    </h1>
    <button>
      +1
    </button>
    <button>
      -1
    </button>
  </div>
</div>
`;
